#-----------------------------------------------------------
# Vivado v2022.1 (64-bit)
# SW Build 3526262 on Mon Apr 18 15:48:16 MDT 2022
# IP Build 3524634 on Mon Apr 18 20:55:01 MDT 2022
# Start of session at: Wed May 11 00:40:27 2022
# Process ID: 18108
# Current directory: C:/github/UdeS_S4_APP1/problematique-validation
# Command line: vivado.exe -gui_launcher_event rodinguilauncherevent10224 C:\github\UdeS_S4_APP1\problematique-validation\pb_APP_log_comb.xpr
# Log file: C:/github/UdeS_S4_APP1/problematique-validation/vivado.log
# Journal file: C:/github/UdeS_S4_APP1/problematique-validation\vivado.jou
# Running On: DESKTOP-D593BJC, OS: Windows, CPU Frequency: 3593 MHz, CPU Physical cores: 8, Host memory: 32133 MB
#-----------------------------------------------------------
start_gui
open_project C:/github/UdeS_S4_APP1/problematique-validation/pb_APP_log_comb.xpr
update_compile_order -fileset sources_1
archive_project C:/github/lacp3102-rouy2404.xpr.zip -temp_dir C:/github/UdeS_S4_APP1/problematique-validation/.Xil/Vivado-18108-DESKTOP-D593BJC -force -exclude_run_results
